<!DOCTYPE html>
<html lang="en">
<head>
    <meta charset="UTF-8">
    <title>test_template</title>
</head>
<body>
DEADBEEF
</body>
</html>
